// Jest Snapshot v1, https://goo.gl/fbAQLP

exports[`# Testing a cached request Calling the render with a cached request, I expect that returns the same template without request this fragment again 1`] = `
"<body>
    <section>
  <header>
    <h1>This is a Fragment</h1>
  </header>
</section>
  
</body>"
`;

exports[`# Testing a template with fragments Calling the render with the template with fragments, I expect that returns the template with the fragments rendered 1`] = `
"<body>
    <section>
  <header>
    <h1>This is a Fragment</h1>
  </header>
</section>
  
</body>"
`;

exports[`# Testing a template with fragments using proxy Calling the render with the template with fragments using proxy, I expect that returns the template with the fragments rendered 1`] = `
"<body>
    <section>
  <header>
    <h1>This is a Fragment</h1>
  </header>
</section>
  
</body>"
`;

exports[`# Testing a template without fragments Calling the lib with the template with no fragments, I expect that returns the same template 1`] = `"<body><h1>Unit test</h1></body>"`;
